// Jest Snapshot v1, https://goo.gl/fbAQLP

exports[`<Dot /> should have default props 1`] = `
Object {
  "animate": false,
  "onClick": undefined,
}
`;
