// Jest Snapshot v1, https://goo.gl/fbAQLP

exports[`<WelcomeArea /> should match snapshot 1`] = `"<div class=\\"welcome-area\\"><div class=\\"welcome-area__promotion-wrapper\\"><div class=\\"welcome-area__promotion\\"><h1 class=\\"welcome-area__headline\\">Scrumlr</h1><div class=\\"welcome-area__promotion-text\\"><h2>Progress is impossible without change</h2><p>Take a seat and let us guide you and your team through your first online retrospective. Start your first session within seconds - completely for free, no registration or payment details required. Put your thoughts and your feedback on cards and share them instantly on a collaborative virtual board. Vote on the topics that really matter. Learn and grow as a team.</p><div class=\\"welcome-area__meetup\\"><div class=\\"welcome-area__meetup-inner\\">Join the <a href=\\"https://www.meetup.com/de-DE/inovex-karlsruhe/events/269598502/\\" target=\\"_blank\\">meetup hosted by <span>inovex 16x16</span> inovex on Monday, 30th March 2020 at 12pm (CET)</a> to learn more about this tool and get in touch with our development team.</div></div></div></div></div><div class=\\"welcome-area__action-area\\"><div class=\\"welcome-area__action-area-main\\">Some content</div><div class=\\"welcome-area__action-area-footer\\"><p>Â© 2020, Provided by <span>inovex 16x16</span> <a href=\\"https://www.inovex.de/\\" target=\\"_blank\\">inovex</a> employees</p><a href=\\"https://github.com/scrumlr/scrumlr.io\\" target=\\"_blank\\">Contribute to this open source project on GitHub</a><p class=\\"welcome-area__policies\\"><ul><li><a href=\\"https://www.iubenda.com/privacy-policy/26348404\\" target=\\"_blank\\" title=\\"Privacy Policy\\">Privacy Policy</a></li><li><a href=\\"https://www.iubenda.com/privacy-policy/26348404/cookie-policy\\" target=\\"_blank\\" title=\\"Cookie Policy\\">Cookie Policy</a></li><li><a href=\\"https://www.iubenda.com/terms-and-conditions/26348404\\" target=\\"_blank\\" title=\\"Terms and Conditions\\">Terms and Conditions</a></li></ul></p></div></div></div>"`;
